;;─────────────────────<<PROGRAMS/POWERERLOOP LST>>─────────────────────;;
0  :                 | .Start Run 
1  :   3             | Base: .Integer #3 
2  :   4             | Exponent: .Integer #4 
3  :  24  32 114  97 | Mess1: .String " raised to the power of " 
28 :   4  32 105 115 | Mess2: .String " is " 
33 :   8   0   0     | Run: movmr Base r0 
36 :   8   1   1     | movmr Exponent r1 
39 :  39  41         | jsr Powerer 
41 :   0             | halt 
42 :  12   1   4     | Powerer: addir #1 r4 
45 :   6   1   3     | movrr r1 r3 
48 :  16   1   3     | subir #1 r3 
51 :   6   0   2     | movrr r0 r2 
54 :  21   0   2     | loop: mulrr r0 r2 
57 :  16   1   3     | subir #1 r3 
60 :  34   3   9     | cmprr r3 r9 
63 :  57  53         | jmpne loop 
65 :  39  75         | jsr Print 
67 :  12   1   1     | addir #1 r1 
70 :  33  10   4     | cmpir #10 r4 
73 :  57  41         | jmpne Powerer 
75 :  40             | ret 
76 :  49   0         | Print: printi r0 
78 :  55   2         | outs Mess1 
80 :  49   1         | printi r1 
82 :  55  27         | outs Mess2 
84 :  49   2         | printi r2 
86 :   5  10   9     | movir #10 r9 
89 :  45   9         | outcr r9 
91 :  40             | ret 
92 :                 | .end 


;;───<<SYMBOL TABLE>>───;;
| 75  | PRINT
| 27  | MESS2
| 53  | LOOP
| 41  | POWERER
| 2   | MESS1
| 0   | BASE
| 32  | RUN
| 1   | EXPONENT
;;──────────────────────;;